#-----------------------------------------------------------
# xsim v2025.2 (64-bit)
# SW Build 6299465 on Fri Nov 14 19:35:11 GMT 2025
# IP Build 6300035 on Fri Nov 14 10:48:45 MST 2025
# SharedData Build 6298862 on Thu Nov 13 04:50:51 MST 2025
# Start of session at: Wed Oct  7 15:19:00 2026
# Process ID         : 27104
# Current directory  : C:/PERURI/quartus_sha256_soc/xsim_work
# Command line       : xsim.exe -mode tcl -source {xsim.dir/tb_unit_hram_snap/xsim_script.tcl}
# Log file           : C:/PERURI/quartus_sha256_soc/xsim_work/xsim.log
# Journal file       : C:/PERURI/quartus_sha256_soc/xsim_work\xsim.jou
# Running On         : F16
# Platform           : Windows Server 2016 or Windows 10
# Operating System   : 26200
# Processor Detail   : 13th Gen Intel(R) Core(TM) i7-13650HX
# CPU Frequency      : 2803 MHz
# CPU Physical cores : 14
# CPU Logical cores  : 20
# Host memory        : 16777 MB
# Swap memory        : 8970 MB
# Total Virtual      : 25748 MB
# Available Virtual  : 2718 MB
#-----------------------------------------------------------
source xsim.dir/tb_unit_hram_snap/xsim_script.tcl
# xsim {tb_unit_hram_snap} -autoloadwcfg -runall
Time resolution is 1 ps
run -all
==============================================
tb_unit_hram: Test reset, write-enable, hold
==============================================
PASS T1: h_out=0000000000000000000000000000000000000000000000000000000000000000
PASS T2: h_out=0000000000000000000000000000000000000000000000000000000000000000
PASS T3: h_out=deadbeefcafebabe1234567887654321abcdef01fedcba98deadc0debeefdead
PASS T4: h_out=0000000000000000000000000000000000000000000000000000000000000000
PASS T5: h_out=aaaaaaaabbbbbbbbccccccccddddddddeeeeeeeeffffffff0000000011111111

tb_unit_hram PASS
$finish called at time : 96 ns : File "C:/PERURI/quartus_sha256_soc/tb/tb_unit_hram.sv" Line 95
exit
INFO: [Common 17-206] Exiting xsim at Wed Oct  7 15:19:02 2026...
