#-----------------------------------------------------------
# xsim v2025.2 (64-bit)
# SW Build 6299465 on Fri Nov 14 19:35:11 GMT 2025
# IP Build 6300035 on Fri Nov 14 10:48:45 MST 2025
# SharedData Build 6298862 on Thu Nov 13 04:50:51 MST 2025
# Start of session at: Wed Oct  7 15:18:52 2026
# Process ID         : 8336
# Current directory  : C:/PERURI/quartus_sha256_soc/xsim_work
# Command line       : xsim.exe -mode tcl -source {xsim.dir/tb_unit_me_snap/xsim_script.tcl}
# Log file           : C:/PERURI/quartus_sha256_soc/xsim_work/xsim.log
# Journal file       : C:/PERURI/quartus_sha256_soc/xsim_work\xsim.jou
# Running On         : F16
# Platform           : Windows Server 2016 or Windows 10
# Operating System   : 26200
# Processor Detail   : 13th Gen Intel(R) Core(TM) i7-13650HX
# CPU Frequency      : 2803 MHz
# CPU Physical cores : 14
# CPU Logical cores  : 20
# Host memory        : 16777 MB
# Swap memory        : 8970 MB
# Total Virtual      : 25748 MB
# Available Virtual  : 2732 MB
#-----------------------------------------------------------
source xsim.dir/tb_unit_me_snap/xsim_script.tcl
# xsim {tb_unit_me_snap} -autoloadwcfg -runall
Time resolution is 1 ps
run -all
==============================================
tb_unit_me: Test message expansion sigma
==============================================
--- Test 1: sched_en=0, w_n=w0 ---
PASS [1]: w_n=abcd1234
PASS [2]: w_n=00000000
--- Test 2: sched_en=1, W16..W19 dari 'abc' ---
PASS [3]: w_n=61626380
PASS [4]: w_n=000f0000
--- Test 3: Nilai ekstrem ---
PASS [5]: w_n=203ffffc
PASS [6]: w_n=04058005

tb_unit_me PASS
$finish called at time : 6 ns : File "C:/PERURI/quartus_sha256_soc/tb/tb_unit_me.sv" Line 102
exit
INFO: [Common 17-206] Exiting xsim at Wed Oct  7 15:18:54 2026...
