#-----------------------------------------------------------
# xsim v2025.2 (64-bit)
# SW Build 6299465 on Fri Nov 14 19:35:11 GMT 2025
# IP Build 6300035 on Fri Nov 14 10:48:45 MST 2025
# SharedData Build 6298862 on Thu Nov 13 04:50:51 MST 2025
# Start of session at: Wed Oct  7 15:19:08 2026
# Process ID         : 2144
# Current directory  : C:/PERURI/quartus_sha256_soc/xsim_work
# Command line       : xsim.exe -mode tcl -source {xsim.dir/tb_unit_mc_snap/xsim_script.tcl}
# Log file           : C:/PERURI/quartus_sha256_soc/xsim_work/xsim.log
# Journal file       : C:/PERURI/quartus_sha256_soc/xsim_work\xsim.jou
# Running On         : F16
# Platform           : Windows Server 2016 or Windows 10
# Operating System   : 26200
# Processor Detail   : 13th Gen Intel(R) Core(TM) i7-13650HX
# CPU Frequency      : 2803 MHz
# CPU Physical cores : 14
# CPU Logical cores  : 20
# Host memory        : 16777 MB
# Swap memory        : 8970 MB
# Total Virtual      : 25748 MB
# Available Virtual  : 2709 MB
#-----------------------------------------------------------
source xsim.dir/tb_unit_mc_snap/xsim_script.tcl
# xsim {tb_unit_mc_snap} -autoloadwcfg -runall
Time resolution is 1 ps
run -all
==============================================
tb_unit_mc: Test load + 1 round compress
==============================================
--- T1: State setelah reset = 0 ---
PASS T1: state_out = 0
--- T2: Load IV + W[0] + K[0] ---
PASS T2: state_out = IV setelah load
--- T3: Round 0 compress ---
  Referensi manual: A1=5d6aebcd E1=fa2a4622
  DUT state_out:    A =5d6aebcd E =fa2a4622
PASS ter rnd0: 5d6aebcd
PASS ter rnd0: fa2a4622
PASS ter rnd0: 6a09e667
PASS ter rnd0: 510e527f

tb_unit_mc PASS
$finish called at time : 56 ns : File "C:/PERURI/quartus_sha256_soc/tb/tb_unit_mc.sv" Line 175
exit
INFO: [Common 17-206] Exiting xsim at Wed Oct  7 15:19:10 2026...
