#-----------------------------------------------------------
# xsim v2025.2 (64-bit)
# SW Build 6299465 on Fri Nov 14 19:35:11 GMT 2025
# IP Build 6300035 on Fri Nov 14 10:48:45 MST 2025
# SharedData Build 6298862 on Thu Nov 13 04:50:51 MST 2025
# Start of session at: Wed Oct  7 17:02:40 2026
# Process ID         : 16636
# Current directory  : C:/PERURI/quartus_sha256_soc/xsim_work
# Command line       : xsim.exe -mode tcl -source {xsim.dir/tb_unit_hash_adder_snap/xsim_script.tcl}
# Log file           : C:/PERURI/quartus_sha256_soc/xsim_work/xsim.log
# Journal file       : C:/PERURI/quartus_sha256_soc/xsim_work\xsim.jou
# Running On         : F16
# Platform           : Windows Server 2016 or Windows 10
# Operating System   : 26200
# Processor Detail   : 13th Gen Intel(R) Core(TM) i7-13650HX
# CPU Frequency      : 2803 MHz
# CPU Physical cores : 14
# CPU Logical cores  : 20
# Host memory        : 16777 MB
# Swap memory        : 8970 MB
# Total Virtual      : 25748 MB
# Available Virtual  : 4547 MB
#-----------------------------------------------------------
source xsim.dir/tb_unit_hash_adder_snap/xsim_script.tcl
# xsim {tb_unit_hash_adder_snap} -autoloadwcfg -runall
Time resolution is 1 ps
run -all
==============================================
tb_unit_hash_adder: Test 8-lane modular adder
==============================================
PASS T1: H_out = state_mc + h_prev benar
PASS T2: H_out = state_mc + h_prev benar
PASS T3: H_out = state_mc + h_prev benar
PASS T4: H_out = state_mc + h_prev benar

tb_unit_hash_adder PASS
$finish called at time : 8 ns : File "C:/PERURI/quartus_sha256_soc/tb/tb_unit_hash_adder.sv" Line 97
exit
INFO: [Common 17-206] Exiting xsim at Wed Oct  7 17:02:42 2026...
