Flow report for sha256_soc
Wed Oct 07 13:44:43 2026
Quartus II 64-Bit Version 13.1.0 Build 162 10/23/2013 SJ Web Edition


---------------------
; Table of Contents ;
---------------------
  1. Legal Notice
  2. Flow Summary
  3. Flow Settings
  4. Flow Non-Default Global Settings
  5. Flow Elapsed Time
  6. Flow OS Summary
  7. Flow Log
  8. Flow Messages
  9. Flow Suppressed Messages



----------------
; Legal Notice ;
----------------
Copyright (C) 1991-2013 Altera Corporation
Your use of Altera Corporation's design tools, logic functions 
and other software and tools, and its AMPP partner logic 
functions, and any output files from any of the foregoing 
(including device programming or simulation files), and any 
associated documentation or information are expressly subject 
to the terms and conditions of the Altera Program License 
Subscription Agreement, Altera MegaCore Function License 
Agreement, or other applicable license agreement, including, 
without limitation, that your use is for the sole purpose of 
programming logic devices manufactured by Altera and sold by 
Altera or its authorized distributors.  Please refer to the 
applicable agreement for further details.



+--------------------------------------------------------------------------+
; Flow Summary                                                             ;
+-----------------------------+--------------------------------------------+
; Flow Status                 ; Successful - Wed Oct 07 13:44:43 2026      ;
; Quartus II 64-Bit Version   ; 13.1.0 Build 162 10/23/2013 SJ Web Edition ;
; Revision Name               ; sha256_soc                                 ;
; Top-level Entity Name       ; sha256_accelerator                         ;
; Family                      ; Cyclone V                                  ;
; Device                      ; 5CSEBA6U23I7                               ;
; Timing Models               ; Preliminary                                ;
; Logic utilization (in ALMs) ; N/A until Partition Merge                  ;
; Total registers             ; N/A until Partition Merge                  ;
; Total pins                  ; N/A until Partition Merge                  ;
; Total virtual pins          ; N/A until Partition Merge                  ;
; Total block memory bits     ; N/A until Partition Merge                  ;
; Total PLLs                  ; N/A until Partition Merge                  ;
; Total DLLs                  ; N/A until Partition Merge                  ;
+-----------------------------+--------------------------------------------+


+-----------------------------------------+
; Flow Settings                           ;
+-------------------+---------------------+
; Option            ; Setting             ;
+-------------------+---------------------+
; Start date & time ; 10/07/2026 13:44:42 ;
; Main task         ; Compilation         ;
; Revision Name     ; sha256_soc          ;
+-------------------+---------------------+


+-------------------------------------------------------------------------------------------------------------------------+
; Flow Non-Default Global Settings                                                                                        ;
+-------------------------------------+---------------------------------+---------------+--------------------+------------+
; Assignment Name                     ; Value                           ; Default Value ; Entity Name        ; Section Id ;
+-------------------------------------+---------------------------------+---------------+--------------------+------------+
; COMPILER_SIGNATURE_ID               ; 176156949728625.179135548231248 ; --            ; --                 ; --         ;
; PARTITION_COLOR                     ; 16764057                        ; --            ; sha256_accelerator ; Top        ;
; PARTITION_FITTER_PRESERVATION_LEVEL ; PLACEMENT_AND_ROUTING           ; --            ; sha256_accelerator ; Top        ;
; PARTITION_NETLIST_TYPE              ; SOURCE                          ; --            ; sha256_accelerator ; Top        ;
; PROJECT_OUTPUT_DIRECTORY            ; output_files                    ; --            ; --                 ; --         ;
; SEARCH_PATH                         ; ../rtl                          ; --            ; --                 ; --         ;
; TOP_LEVEL_ENTITY                    ; sha256_accelerator              ; sha256_soc    ; --                 ; --         ;
+-------------------------------------+---------------------------------+---------------+--------------------+------------+


+----------------------------------------------------------------------------------------------------------------------------+
; Flow Elapsed Time                                                                                                          ;
+------------------------+--------------+-------------------------+---------------------+------------------------------------+
; Module Name            ; Elapsed Time ; Average Processors Used ; Peak Virtual Memory ; Total CPU Time (on all processors) ;
+------------------------+--------------+-------------------------+---------------------+------------------------------------+
; Analysis & Elaboration ; 00:00:01     ; 1.0                     ; 4670 MB             ; 00:00:01                           ;
; Total                  ; 00:00:01     ; --                      ; --                  ; 00:00:01                           ;
+------------------------+--------------+-------------------------+---------------------+------------------------------------+


+-------------------------------------------------------------------------------------+
; Flow OS Summary                                                                     ;
+------------------------+------------------+-----------+------------+----------------+
; Module Name            ; Machine Hostname ; OS Name   ; OS Version ; Processor type ;
+------------------------+------------------+-----------+------------+----------------+
; Analysis & Elaboration ; Filjisalim       ; Windows 7 ; 6.2        ; x86_64         ;
+------------------------+------------------+-----------+------------+----------------+


------------
; Flow Log ;
------------
quartus_map --read_settings_files=on --write_settings_files=off sha256_soc -c sha256_soc --analysis_and_elaboration



