Analysis & Elaboration report for sha256_soc
Wed Oct 07 13:44:43 2026
Quartus II 64-Bit Version 13.1.0 Build 162 10/23/2013 SJ Web Edition


---------------------
; Table of Contents ;
---------------------
  1. Legal Notice
  2. Analysis & Elaboration Summary
  3. Parallel Compilation
  4. Parameter Settings for User Entity Instance: Top-level Entity: |sha256_accelerator
  5. Parameter Settings for User Entity Instance: sha256_csr:u_csr
  6. Parameter Settings for User Entity Instance: sha256_core:u_core
  7. Parameter Settings for User Entity Instance: sha256_core:u_core|sha256_fsm:u_fsm
  8. Parameter Settings for User Entity Instance: sha256_core:u_core|mc:u_mc
  9. Analysis & Elaboration Settings
 10. Port Connectivity Checks: "sha256_core:u_core|sha256_fsm:u_fsm"
 11. Analysis & Elaboration Messages
 12. Analysis & Elaboration Suppressed Messages



----------------
; Legal Notice ;
----------------
Copyright (C) 1991-2013 Altera Corporation
Your use of Altera Corporation's design tools, logic functions 
and other software and tools, and its AMPP partner logic 
functions, and any output files from any of the foregoing 
(including device programming or simulation files), and any 
associated documentation or information are expressly subject 
to the terms and conditions of the Altera Program License 
Subscription Agreement, Altera MegaCore Function License 
Agreement, or other applicable license agreement, including, 
without limitation, that your use is for the sole purpose of 
programming logic devices manufactured by Altera and sold by 
Altera or its authorized distributors.  Please refer to the 
applicable agreement for further details.



+----------------------------------------------------------------------------+
; Analysis & Elaboration Summary                                             ;
+-------------------------------+--------------------------------------------+
; Analysis & Elaboration Status ; Successful - Wed Oct 07 13:44:43 2026      ;
; Quartus II 64-Bit Version     ; 13.1.0 Build 162 10/23/2013 SJ Web Edition ;
; Revision Name                 ; sha256_soc                                 ;
; Top-level Entity Name         ; sha256_accelerator                         ;
; Family                        ; Cyclone V                                  ;
; Logic utilization (in ALMs)   ; N/A until Partition Merge                  ;
; Total registers               ; N/A until Partition Merge                  ;
; Total pins                    ; N/A until Partition Merge                  ;
; Total virtual pins            ; N/A until Partition Merge                  ;
; Total block memory bits       ; N/A until Partition Merge                  ;
; Total PLLs                    ; N/A until Partition Merge                  ;
; Total DLLs                    ; N/A until Partition Merge                  ;
+-------------------------------+--------------------------------------------+


+------------------------------------------+
; Parallel Compilation                     ;
+----------------------------+-------------+
; Processors                 ; Number      ;
+----------------------------+-------------+
; Number detected on machine ; 16          ;
; Maximum allowed            ; 16          ;
;                            ;             ;
; Average used               ; 1.00        ;
; Maximum used               ; 1           ;
;                            ;             ;
; Usage by Processor         ; % Time Used ;
;     Processor 1            ; 100.0%      ;
;     Processors 2-16        ;   0.0%      ;
+----------------------------+-------------+


+------------------------------------------------------------------------------------+
; Parameter Settings for User Entity Instance: Top-level Entity: |sha256_accelerator ;
+----------------+-------+-----------------------------------------------------------+
; Parameter Name ; Value ; Type                                                      ;
+----------------+-------+-----------------------------------------------------------+
; LEGACY_EN      ; 1     ; Signed Integer                                            ;
+----------------+-------+-----------------------------------------------------------+
Note: In order to hide this table in the UI and the text report file, please set the "Show Parameter Settings in Synthesis Report" option in "Analysis and Synthesis Settings -> More Settings" to "Off".


+---------------------------------------------------------------+
; Parameter Settings for User Entity Instance: sha256_csr:u_csr ;
+----------------+-------+--------------------------------------+
; Parameter Name ; Value ; Type                                 ;
+----------------+-------+--------------------------------------+
; LEGACY_EN      ; 1     ; Signed Integer                       ;
+----------------+-------+--------------------------------------+
Note: In order to hide this table in the UI and the text report file, please set the "Show Parameter Settings in Synthesis Report" option in "Analysis and Synthesis Settings -> More Settings" to "Off".


+-----------------------------------------------------------------+
; Parameter Settings for User Entity Instance: sha256_core:u_core ;
+----------------+-------+----------------------------------------+
; Parameter Name ; Value ; Type                                   ;
+----------------+-------+----------------------------------------+
; LEGACY_EN      ; 1     ; Signed Integer                         ;
+----------------+-------+----------------------------------------+
Note: In order to hide this table in the UI and the text report file, please set the "Show Parameter Settings in Synthesis Report" option in "Analysis and Synthesis Settings -> More Settings" to "Off".


+----------------------------------------------------------------------------------+
; Parameter Settings for User Entity Instance: sha256_core:u_core|sha256_fsm:u_fsm ;
+----------------+-------+---------------------------------------------------------+
; Parameter Name ; Value ; Type                                                    ;
+----------------+-------+---------------------------------------------------------+
; LEGACY_EN      ; 1     ; Signed Integer                                          ;
+----------------+-------+---------------------------------------------------------+
Note: In order to hide this table in the UI and the text report file, please set the "Show Parameter Settings in Synthesis Report" option in "Analysis and Synthesis Settings -> More Settings" to "Off".


+-------------------------------------------------------------------------+
; Parameter Settings for User Entity Instance: sha256_core:u_core|mc:u_mc ;
+----------------+-------+------------------------------------------------+
; Parameter Name ; Value ; Type                                           ;
+----------------+-------+------------------------------------------------+
; LEGACY_EN      ; 1     ; Signed Integer                                 ;
+----------------+-------+------------------------------------------------+
Note: In order to hide this table in the UI and the text report file, please set the "Show Parameter Settings in Synthesis Report" option in "Analysis and Synthesis Settings -> More Settings" to "Off".


+---------------------------------------------------------------------------------------------------------------------------+
; Analysis & Elaboration Settings                                                                                           ;
+---------------------------------------------------------------------------------+--------------------+--------------------+
; Option                                                                          ; Setting            ; Default Value      ;
+---------------------------------------------------------------------------------+--------------------+--------------------+
; Device                                                                          ; 5CSEBA6U23I7       ;                    ;
; Top-level entity name                                                           ; sha256_accelerator ; sha256_soc         ;
; Family name                                                                     ; Cyclone V          ; Cyclone IV GX      ;
; Use smart compilation                                                           ; Off                ; Off                ;
; Enable parallel Assembler and TimeQuest Timing Analyzer during compilation      ; On                 ; On                 ;
; Enable compact report table                                                     ; Off                ; Off                ;
; Restructure Multiplexers                                                        ; Auto               ; Auto               ;
; MLAB Add Timing Constraints For Mixed-Port Feed-Through Mode Setting Don't Care ; Off                ; Off                ;
; Create Debugging Nodes for IP Cores                                             ; Off                ; Off                ;
; Preserve fewer node names                                                       ; On                 ; On                 ;
; Disable OpenCore Plus hardware evaluation                                       ; Off                ; Off                ;
; Verilog Version                                                                 ; Verilog_2001       ; Verilog_2001       ;
; VHDL Version                                                                    ; VHDL_1993          ; VHDL_1993          ;
; State Machine Processing                                                        ; Auto               ; Auto               ;
; Safe State Machine                                                              ; Off                ; Off                ;
; Extract Verilog State Machines                                                  ; On                 ; On                 ;
; Extract VHDL State Machines                                                     ; On                 ; On                 ;
; Ignore Verilog initial constructs                                               ; Off                ; Off                ;
; Iteration limit for constant Verilog loops                                      ; 5000               ; 5000               ;
; Iteration limit for non-constant Verilog loops                                  ; 250                ; 250                ;
; Add Pass-Through Logic to Inferred RAMs                                         ; On                 ; On                 ;
; Infer RAMs from Raw Logic                                                       ; On                 ; On                 ;
; Parallel Synthesis                                                              ; On                 ; On                 ;
; DSP Block Balancing                                                             ; Auto               ; Auto               ;
; NOT Gate Push-Back                                                              ; On                 ; On                 ;
; Power-Up Don't Care                                                             ; On                 ; On                 ;
; Remove Redundant Logic Cells                                                    ; Off                ; Off                ;
; Remove Duplicate Registers                                                      ; On                 ; On                 ;
; Ignore CARRY Buffers                                                            ; Off                ; Off                ;
; Ignore CASCADE Buffers                                                          ; Off                ; Off                ;
; Ignore GLOBAL Buffers                                                           ; Off                ; Off                ;
; Ignore ROW GLOBAL Buffers                                                       ; Off                ; Off                ;
; Ignore LCELL Buffers                                                            ; Off                ; Off                ;
; Ignore SOFT Buffers                                                             ; On                 ; On                 ;
; Limit AHDL Integers to 32 Bits                                                  ; Off                ; Off                ;
; Optimization Technique                                                          ; Balanced           ; Balanced           ;
; Carry Chain Length                                                              ; 70                 ; 70                 ;
; Auto Carry Chains                                                               ; On                 ; On                 ;
; Auto Open-Drain Pins                                                            ; On                 ; On                 ;
; Perform WYSIWYG Primitive Resynthesis                                           ; Off                ; Off                ;
; Auto ROM Replacement                                                            ; On                 ; On                 ;
; Auto RAM Replacement                                                            ; On                 ; On                 ;
; Auto DSP Block Replacement                                                      ; On                 ; On                 ;
; Auto Shift Register Replacement                                                 ; Auto               ; Auto               ;
; Allow Shift Register Merging across Hierarchies                                 ; Auto               ; Auto               ;
; Auto Clock Enable Replacement                                                   ; On                 ; On                 ;
; Strict RAM Replacement                                                          ; Off                ; Off                ;
; Allow Synchronous Control Signals                                               ; On                 ; On                 ;
; Force Use of Synchronous Clear Signals                                          ; Off                ; Off                ;
; Auto Resource Sharing                                                           ; Off                ; Off                ;
; Allow Any RAM Size For Recognition                                              ; Off                ; Off                ;
; Allow Any ROM Size For Recognition                                              ; Off                ; Off                ;
; Allow Any Shift Register Size For Recognition                                   ; Off                ; Off                ;
; Use LogicLock Constraints during Resource Balancing                             ; On                 ; On                 ;
; Ignore translate_off and synthesis_off directives                               ; Off                ; Off                ;
; Timing-Driven Synthesis                                                         ; On                 ; On                 ;
; Report Parameter Settings                                                       ; On                 ; On                 ;
; Report Source Assignments                                                       ; On                 ; On                 ;
; Report Connectivity Checks                                                      ; On                 ; On                 ;
; Ignore Maximum Fan-Out Assignments                                              ; Off                ; Off                ;
; Synchronization Register Chain Length                                           ; 3                  ; 3                  ;
; PowerPlay Power Optimization                                                    ; Normal compilation ; Normal compilation ;
; HDL message level                                                               ; Level2             ; Level2             ;
; Suppress Register Optimization Related Messages                                 ; Off                ; Off                ;
; Number of Removed Registers Reported in Synthesis Report                        ; 5000               ; 5000               ;
; Number of Swept Nodes Reported in Synthesis Report                              ; 5000               ; 5000               ;
; Number of Inverted Registers Reported in Synthesis Report                       ; 100                ; 100                ;
; Clock MUX Protection                                                            ; On                 ; On                 ;
; Auto Gated Clock Conversion                                                     ; Off                ; Off                ;
; Block Design Naming                                                             ; Auto               ; Auto               ;
; SDC constraint protection                                                       ; Off                ; Off                ;
; Synthesis Effort                                                                ; Auto               ; Auto               ;
; Shift Register Replacement - Allow Asynchronous Clear Signal                    ; On                 ; On                 ;
; Pre-Mapping Resynthesis Optimization                                            ; Off                ; Off                ;
; Analysis & Synthesis Message Level                                              ; Medium             ; Medium             ;
; Disable Register Merging Across Hierarchies                                     ; Auto               ; Auto               ;
; Resource Aware Inference For Block RAM                                          ; On                 ; On                 ;
; Synthesis Seed                                                                  ; 1                  ; 1                  ;
; Automatic Parallel Synthesis                                                    ; On                 ; On                 ;
+---------------------------------------------------------------------------------+--------------------+--------------------+


+-----------------------------------------------------------------------------------------------------------------+
; Port Connectivity Checks: "sha256_core:u_core|sha256_fsm:u_fsm"                                                 ;
+-------+--------+----------+-------------------------------------------------------------------------------------+
; Port  ; Type   ; Severity ; Details                                                                             ;
+-------+--------+----------+-------------------------------------------------------------------------------------+
; state ; Output ; Info     ; Connected to dangling logic. Logic that only feeds a dangling port will be removed. ;
+-------+--------+----------+-------------------------------------------------------------------------------------+


+---------------------------------+
; Analysis & Elaboration Messages ;
+---------------------------------+
Info: *******************************************************************
Info: Running Quartus II 64-Bit Analysis & Elaboration
    Info: Version 13.1.0 Build 162 10/23/2013 SJ Web Edition
    Info: Processing started: Wed Oct 07 13:44:42 2026
Info: Command: quartus_map --read_settings_files=on --write_settings_files=off sha256_soc -c sha256_soc --analysis_and_elaboration
Info (20030): Parallel compilation is enabled and will use 16 of the 16 processors detected
Info (12021): Found 1 design units, including 1 entities, in source file /semester_7/peruri/sha256/peruri/quartus_sha256_soc/rtl/k_rom.v
    Info (12023): Found entity 1: k_rom
Info (12021): Found 1 design units, including 1 entities, in source file /semester_7/peruri/sha256/peruri/quartus_sha256_soc/rtl/hram.v
    Info (12023): Found entity 1: hram
Info (12021): Found 1 design units, including 1 entities, in source file /semester_7/peruri/sha256/peruri/quartus_sha256_soc/rtl/wram.v
    Info (12023): Found entity 1: wram
Info (12021): Found 1 design units, including 1 entities, in source file /semester_7/peruri/sha256/peruri/quartus_sha256_soc/rtl/pad_fn.v
    Info (12023): Found entity 1: pad_fn
Info (12021): Found 1 design units, including 1 entities, in source file /semester_7/peruri/sha256/peruri/quartus_sha256_soc/rtl/me.v
    Info (12023): Found entity 1: me
Info (12021): Found 1 design units, including 1 entities, in source file /semester_7/peruri/sha256/peruri/quartus_sha256_soc/rtl/mc.v
    Info (12023): Found entity 1: mc
Info (12021): Found 1 design units, including 1 entities, in source file /semester_7/peruri/sha256/peruri/quartus_sha256_soc/rtl/hash_adder.v
    Info (12023): Found entity 1: hash_adder
Info (12021): Found 1 design units, including 1 entities, in source file /semester_7/peruri/sha256/peruri/quartus_sha256_soc/rtl/sha256_fsm.v
    Info (12023): Found entity 1: sha256_fsm
Info (12021): Found 1 design units, including 1 entities, in source file /semester_7/peruri/sha256/peruri/quartus_sha256_soc/rtl/sha256_core.v
    Info (12023): Found entity 1: sha256_core
Info (12021): Found 1 design units, including 1 entities, in source file /semester_7/peruri/sha256/peruri/quartus_sha256_soc/rtl/sha256_csr.v
    Info (12023): Found entity 1: sha256_csr
Info (12021): Found 1 design units, including 1 entities, in source file /semester_7/peruri/sha256/peruri/quartus_sha256_soc/rtl/sha256_accelerator.v
    Info (12023): Found entity 1: sha256_accelerator
Info (12127): Elaborating entity "sha256_accelerator" for the top level hierarchy
Info (12128): Elaborating entity "sha256_csr" for hierarchy "sha256_csr:u_csr"
Warning (10036): Verilog HDL or VHDL warning at sha256_csr.v(86): object "is_leg_rsvd" assigned a value but never read
Warning (10036): Verilog HDL or VHDL warning at sha256_csr.v(88): object "wram_idx" assigned a value but never read
Info (12128): Elaborating entity "sha256_core" for hierarchy "sha256_core:u_core"
Info (12128): Elaborating entity "sha256_fsm" for hierarchy "sha256_core:u_core|sha256_fsm:u_fsm"
Warning (10036): Verilog HDL or VHDL warning at sha256_fsm.v(82): object "last_q" assigned a value but never read
Info (10264): Verilog HDL Case Statement information at sha256_fsm.v(299): all case item expressions in this case statement are onehot
Info (12128): Elaborating entity "k_rom" for hierarchy "sha256_core:u_core|k_rom:u_krom"
Warning (10030): Net "rom.data_a" at k_rom.v(16) has no driver or initial value, using a default initial value '0'
Warning (10030): Net "rom.waddr_a" at k_rom.v(16) has no driver or initial value, using a default initial value '0'
Warning (10030): Net "rom.we_a" at k_rom.v(16) has no driver or initial value, using a default initial value '0'
Info (12128): Elaborating entity "wram" for hierarchy "sha256_core:u_core|wram:u_wram"
Info (12128): Elaborating entity "me" for hierarchy "sha256_core:u_core|me:u_me"
Info (12128): Elaborating entity "pad_fn" for hierarchy "sha256_core:u_core|pad_fn:u_pad"
Info (12128): Elaborating entity "mc" for hierarchy "sha256_core:u_core|mc:u_mc"
Info (12128): Elaborating entity "hash_adder" for hierarchy "sha256_core:u_core|hash_adder:u_hadder"
Info (12128): Elaborating entity "hram" for hierarchy "sha256_core:u_core|hram:u_hram"
Info (144001): Generated suppressed messages file C:/Semester_7/Peruri/sha256/PERURI/quartus_sha256_soc/quartus/output_files/sha256_soc.map.smsg
Info: Quartus II 64-Bit Analysis & Elaboration was successful. 0 errors, 6 warnings
    Info: Peak virtual memory: 4670 megabytes
    Info: Processing ended: Wed Oct 07 13:44:43 2026
    Info: Elapsed time: 00:00:01
    Info: Total CPU time (on all processors): 00:00:01


+--------------------------------------------+
; Analysis & Elaboration Suppressed Messages ;
+--------------------------------------------+
The suppressed messages can be found in C:/Semester_7/Peruri/sha256/PERURI/quartus_sha256_soc/quartus/output_files/sha256_soc.map.smsg.


